// Jest Snapshot v1, https://goo.gl/fbAQLP

exports[`Home page renders home page 1`] = `undefined`;
