// Jest Snapshot v1, https://goo.gl/fbAQLP

exports[`Navbar renders navbar 1`] = `undefined`;
